Get:1 http://archive.ubuntu.com/ubuntu resolute/main amd64 libabsl20260107 amd64 20260107.0-4 [588 kB]
Get:2 http://archive.ubuntu.com/ubuntu resolute/main amd64 libdeflate0 amd64 1.23-2ubuntu1 [51.7 kB]
Get:3 http://archive.ubuntu.com/ubuntu resolute/main amd64 libjbig0 amd64 2.1-6.1ubuntu3 [30.0 kB]
Get:4 http://archive.ubuntu.com/ubuntu resolute/main amd64 libjpeg-turbo8 amd64 2.1.5-4ubuntu4 [153 kB]
Get:5 http://archive.ubuntu.com/ubuntu resolute/main amd64 libjpeg8 amd64 8c-2ubuntu12 [2142 B]
Get:6 http://archive.ubuntu.com/ubuntu resolute/main amd64 libjsoncpp26 amd64 1.9.6-5 [84.0 kB]
Get:7 http://archive.ubuntu.com/ubuntu resolute/main amd64 liblerc4 amd64 4.0.0+ds-5ubuntu2 [207 kB]
Get:8 http://archive.ubuntu.com/ubuntu resolute/main amd64 liblua5.4-0 amd64 5.4.8-1build1 [163 kB]
Get:9 http://archive.ubuntu.com/ubuntu resolute/main amd64 libopus0 amd64 1.6.1-1 [3564 kB]
Get:10 http://archive.ubuntu.com/ubuntu resolute/main amd64 libprotobuf32t64 amd64 3.21.12-15ubuntu1 [955 kB]
Get:11 http://archive.ubuntu.com/ubuntu resolute/main amd64 libprotoc32t64 amd64 3.21.12-15ubuntu1 [702 kB]
Get:12 http://archive.ubuntu.com/ubuntu resolute/main amd64 libsbc1 amd64 2.1-1build1 [36.3 kB]
Get:13 http://archive.ubuntu.com/ubuntu resolute/main amd64 libsnappy1v5 amd64 1.2.2-2 [30.8 kB]
Get:14 http://archive.ubuntu.com/ubuntu resolute/main amd64 libwebp7 amd64 1.5.0-0.1build1 [264 kB]
Get:15 http://archive.ubuntu.com/ubuntu resolute/universe amd64 libbcg729-0 amd64 1.1.1-3build1 [40.6 kB]
Get:16 http://archive.ubuntu.com/ubuntu resolute/universe amd64 libgrpc++1.51t64 amd64 1.51.1-8ubuntu1 [498 kB]
Get:17 http://archive.ubuntu.com/ubuntu resolute/universe amd64 libgrpc29t64 amd64 1.51.1-8ubuntu1 [2894 kB]
Get:18 http://archive.ubuntu.com/ubuntu resolute/universe amd64 libhwloc15 amd64 2.13.0-2 [175 kB]
Get:19 http://archive.ubuntu.com/ubuntu resolute/universe amd64 libnghttp3-9 amd64 1.12.0-1 [63.6 kB]
Get:20 http://archive.ubuntu.com/ubuntu resolute/universe amd64 libopencore-amrnb0 amd64 0.1.6-1build2 [101 kB]
Get:21 http://archive.ubuntu.com/ubuntu resolute/universe amd64 libsmi2t64 amd64 0.4.8+dfsg2-18 [111 kB]
Get:22 http://archive.ubuntu.com/ubuntu resolute/universe amd64 libspandsp2t64 amd64 0.0.6+dfsg-2.2build2 [312 kB]
Get:23 http://archive.ubuntu.com/ubuntu resolute/universe amd64 libtbb12 amd64 2022.3.0-2 [98.2 kB]
Get:24 http://archive.ubuntu.com/ubuntu resolute/universe amd64 libtbbbind-2-5 amd64 2022.3.0-2 [15.4 kB]
Get:25 http://archive.ubuntu.com/ubuntu resolute/universe amd64 libtbbmalloc2 amd64 2022.3.0-2 [54.0 kB]
Get:26 http://archive.ubuntu.com/ubuntu resolute/universe amd64 libwireshark-data all 4.6.4-1 [467 kB]
Get:27 http://archive.ubuntu.com/ubuntu resolute/universe amd64 libwireshark19 amd64 4.6.4-1 [25.4 MB]
Get:28 http://archive.ubuntu.com/ubuntu resolute/universe amd64 libwiretap16 amd64 4.6.4-1 [289 kB]
Get:29 http://archive.ubuntu.com/ubuntu resolute/universe amd64 libwsutil17 amd64 4.6.4-1 [150 kB]
Get:30 http://archive.ubuntu.com/ubuntu resolute/universe amd64 tshark amd64 4.6.4-1 [158 kB]
Get:31 http://archive.ubuntu.com/ubuntu resolute-updates/main amd64 libcares2 amd64 1.34.6-1ubuntu0.1 [101 kB]
Get:32 http://archive.ubuntu.com/ubuntu resolute-updates/main amd64 libtiff6 amd64 4.7.0-3ubuntu5 [206 kB]
Get:33 http://archive.ubuntu.com/ubuntu resolute-updates/universe amd64 libfalcosecurity0t64 amd64 0.20.0-4ubuntu0.1 [1673 kB]
Fetched 39.6 MB in 17s (2389 kB/s)
