TShark (Wireshark) 4.6.4.

Copyright 1998-2026 Gerald Combs <gerald@wireshark.org> and contributors.
Licensed under the terms of the GNU General Public License (version 2 or later).
This is free software; see the file named COPYING in the distribution. There is
NO WARRANTY; not even for MERCHANTABILITY or FITNESS FOR A PARTICULAR PURPOSE.

Compile-time info:
 Bit width: 64-bit
  Compiler: GCC 15.2.0
      GLib: 2.87.3
 With:
  +brotli                      +MaxMind
  +Gcrypt 1.12.0               +nghttp2 1.68.0
  +GnuTLS 3.8.12 and PKCS#11   +nghttp3 1.12.0
  +Kerberos (MIT)              +PCRE2 10.46 2025-08-27
  +libnl 3                     +POSIX capabilities (Linux)
  +libpcap                     +Snappy 1.2.2
  +libsmi 0.4.8                +xxhash 0.8.3
  +libxml2 2.15.1              +zlib 1.3.1
  +Lua 5.4.8                   +Zstandard 1.5.7
  +LZ4 1.10.0
 Without:
  -zlib-ng

Runtime info:
      OS: Linux 6.18.40.1-microsoft-standard-WSL2
     CPU: 12th Gen Intel(R) Core(TM) i7-1255U (with SSE4.2)
  Memory: 2911 MB of physical memory
    GLib: 2.88.0
  Locale: LC_TYPE=C.UTF-8
 Plugins: supported, 0 loaded
 With:
  +brotli 1.2.0
  +c-ares 1.34.6
  +Gcrypt 1.12.0
  +GnuTLS 3.8.12
  +libpcap 1.10.6 (64-bit time_t, with TPACKET_V3)
  +libsmi 0.4.8
  +LZ4 1.10.0
  +nghttp2 1.68.0
  +nghttp3 1.12.0
  +PCRE2 10.46 2025-08-27
  +xxhash 803
  +zlib 1.3.1
  +Zstandard 1.5.7
