G09: gate_root=/home/tuannk/projects/QUIC-lab-_-LTM-PTIT/results/p9-g09-qvyXOw UTC=2026-10-01T04:51:57Z
results: /home/tuannk/projects/QUIC-lab-_-LTM-PTIT/results/p9-g09-qvyXOw/interrupt
{"n_planned":2,"schedule":"/home/tuannk/projects/QUIC-lab-_-LTM-PTIT/results/p9-g09-qvyXOw/interrupt/schedule.json"}
P9: UTC=2026-10-01T04:51:58Z apps_uid_gid=1000:1000 results_dir=/home/tuannk/projects/QUIC-lab-_-LTM-PTIT/results/p9-g09-qvyXOw/interrupt
P7 topology ready: qclient=10.10.0.1/24 qserver=10.10.0.2/24 eth0 MTU=1500 ifb0=up owner_uid=1000
P9: trial=c0_measured_0000_tcp scenario=baseline seed=4752083080733148189
P7 owned topology removed; verify host link/address/route snapshots for G07
{"n_planned":2,"n_invoked":1,"n_attempted":2,"n_success":0,"n_failed":2,"n_missing_shards":1,"measured_trials":2,"warmup_trials":0}
{"attempted": 2, "evidence_trials_excluded": 0, "failed": 2, "measured_trials": 2, "status": "PASS", "success": 0, "warmup_trials_excluded": 0}
{"counts": {"attempted": 2, "evidence_trials_excluded": 0, "failed": 2, "measured_trials": 2, "status": "PASS", "success": 0, "warmup_trials_excluded": 0}, "experiment_id": "bulk_20261001T045158_3eb6b8221084e812", "latency_policy": "successful measured runs only; all failures reported", "main_checked": false, "p95": "nearest-rank ceil(.95*n)-1", "resource_policy": "separate distribution per resource_id; correlated siblings are not independent trials", "scheduled_denominator": true, "stddev": "sample n-1; null for n<2", "warmups_excluded": 0}
{"files": ["plots/total_ms.svg", "plots/total_ms.png", "plots/ttfa_ms.svg", "plots/ttfa_ms.png", "plots/goodput_mbps.svg", "plots/goodput_mbps.png", "plots/resource-completion.svg", "plots/resource-completion.png"], "matplotlib": "3.10.8", "scope": "successful measured trials with failures labeled; no HOL causal claim; progress evidence belongs to P11", "source": ["runs.csv", "streams.csv"]}
P9: results_dir=/home/tuannk/projects/QUIC-lab-_-LTM-PTIT/results/p9-g09-qvyXOw/interrupt original_exit=130 cleanup_exit=0
{"artifacts_hashed": 57, "counts": {"attempted": 2, "evidence_trials_excluded": 0, "failed": 2, "measured_trials": 2, "status": "PASS", "success": 0, "warmup_trials_excluded": 0}, "scope": "interrupt", "status": "PASS"}
results: /home/tuannk/projects/QUIC-lab-_-LTM-PTIT/results/p9-g09-qvyXOw/main
{"n_planned":256,"schedule":"/home/tuannk/projects/QUIC-lab-_-LTM-PTIT/results/p9-g09-qvyXOw/main/schedule.json"}
P9: UTC=2026-10-01T04:52:19Z apps_uid_gid=1000:1000 results_dir=/home/tuannk/projects/QUIC-lab-_-LTM-PTIT/results/p9-g09-qvyXOw/main
P7 topology ready: qclient=10.10.0.1/24 qserver=10.10.0.2/24 eth0 MTU=1500 ifb0=up owner_uid=1000
P9: trial=c0_warmup_0000_quic scenario=baseline seed=16918802743829268676
P9: trial=c0_warmup_0000_tcp scenario=baseline seed=16918802743829268676
P9: trial=c0_warmup_0001_tcp scenario=baseline seed=4752083080733148189
P9: trial=c0_warmup_0001_quic scenario=baseline seed=4752083080733148189
P9: trial=c0_measured_0000_tcp scenario=baseline seed=12582114812978830980
P9: trial=c0_measured_0000_quic scenario=baseline seed=12582114812978830980
P9: trial=c0_measured_0001_quic scenario=baseline seed=2548007933911547419
P9: trial=c0_measured_0001_tcp scenario=baseline seed=2548007933911547419
P9: trial=c0_measured_0002_tcp scenario=baseline seed=4929132800963533622
P9: trial=c0_measured_0002_quic scenario=baseline seed=4929132800963533622
P9: trial=c0_measured_0003_quic scenario=baseline seed=5656984018546382140
P9: trial=c0_measured_0003_tcp scenario=baseline seed=5656984018546382140
P9: trial=c0_measured_0004_tcp scenario=baseline seed=947840569966460044
P9: trial=c0_measured_0004_quic scenario=baseline seed=947840569966460044
P9: trial=c0_measured_0005_quic scenario=baseline seed=8480713980168631811
P9: trial=c0_measured_0005_tcp scenario=baseline seed=8480713980168631811
P9: trial=c0_measured_0006_tcp scenario=baseline seed=1729701364466655798
P9: trial=c0_measured_0006_quic scenario=baseline seed=1729701364466655798
P9: trial=c0_measured_0007_quic scenario=baseline seed=4121457870427411944
P9: trial=c0_measured_0007_tcp scenario=baseline seed=4121457870427411944
P9: trial=c0_measured_0008_tcp scenario=baseline seed=13759313996729482545
P9: trial=c0_measured_0008_quic scenario=baseline seed=13759313996729482545
P9: trial=c0_measured_0009_quic scenario=baseline seed=2788376990606063094
P9: trial=c0_measured_0009_tcp scenario=baseline seed=2788376990606063094
P9: trial=c0_measured_0010_tcp scenario=baseline seed=3339279723467155016
P9: trial=c0_measured_0010_quic scenario=baseline seed=3339279723467155016
P9: trial=c0_measured_0011_quic scenario=baseline seed=935841962242143915
P9: trial=c0_measured_0011_tcp scenario=baseline seed=935841962242143915
P9: trial=c0_measured_0012_tcp scenario=baseline seed=16178529537407454572
P9: trial=c0_measured_0012_quic scenario=baseline seed=16178529537407454572
P9: trial=c0_measured_0013_quic scenario=baseline seed=14307468783714895096
P9: trial=c0_measured_0013_tcp scenario=baseline seed=14307468783714895096
P9: trial=c0_measured_0014_tcp scenario=baseline seed=2569606887999454518
P9: trial=c0_measured_0014_quic scenario=baseline seed=2569606887999454518
P9: trial=c0_measured_0015_quic scenario=baseline seed=16413773413460363978
P9: trial=c0_measured_0015_tcp scenario=baseline seed=16413773413460363978
P9: trial=c0_measured_0016_tcp scenario=baseline seed=17118026611379886783
P9: trial=c0_measured_0016_quic scenario=baseline seed=17118026611379886783
P9: trial=c0_measured_0017_quic scenario=baseline seed=3083581287021249382
P9: trial=c0_measured_0017_tcp scenario=baseline seed=3083581287021249382
P9: trial=c0_measured_0018_tcp scenario=baseline seed=8605105887586923916
P9: trial=c0_measured_0018_quic scenario=baseline seed=8605105887586923916
P9: trial=c0_measured_0019_quic scenario=baseline seed=11862651303535284221
P9: trial=c0_measured_0019_tcp scenario=baseline seed=11862651303535284221
P9: trial=c0_measured_0020_tcp scenario=baseline seed=14608031566139628423
bench support FAIL: lab traffic remains between client invocations
P9: trial=c0_measured_0020_quic scenario=baseline seed=14608031566139628423
P9: trial=c0_measured_0021_quic scenario=baseline seed=5756782630882734483
P9: trial=c0_measured_0021_tcp scenario=baseline seed=5756782630882734483
P9: trial=c0_measured_0022_tcp scenario=baseline seed=18196826709776057905
P9: trial=c0_measured_0022_quic scenario=baseline seed=18196826709776057905
P9: trial=c0_measured_0023_quic scenario=baseline seed=4631523174393932038
P9: trial=c0_measured_0023_tcp scenario=baseline seed=4631523174393932038
P9: trial=c0_measured_0024_tcp scenario=baseline seed=14918321956834994435
P9: trial=c0_measured_0024_quic scenario=baseline seed=14918321956834994435
P9: trial=c0_measured_0025_quic scenario=baseline seed=7910670484050629128
P9: trial=c0_measured_0025_tcp scenario=baseline seed=7910670484050629128
P9: trial=c0_measured_0026_tcp scenario=baseline seed=12980125258542357395
P9: trial=c0_measured_0026_quic scenario=baseline seed=12980125258542357395
P9: trial=c0_measured_0027_quic scenario=baseline seed=5242866129239965118
P9: trial=c0_measured_0027_tcp scenario=baseline seed=5242866129239965118
P9: trial=c0_measured_0028_tcp scenario=baseline seed=7497480822731351182
P9: trial=c0_measured_0028_quic scenario=baseline seed=7497480822731351182
P9: trial=c0_measured_0029_quic scenario=baseline seed=13589531430631705973
P9: trial=c0_measured_0029_tcp scenario=baseline seed=13589531430631705973
P9: trial=c1_warmup_0000_quic scenario=rtt50-loss0 seed=418071015033740501
P9: trial=c1_warmup_0000_tcp scenario=rtt50-loss0 seed=418071015033740501
P9: trial=c1_warmup_0001_tcp scenario=rtt50-loss0 seed=4036530676132939290
P9: trial=c1_warmup_0001_quic scenario=rtt50-loss0 seed=4036530676132939290
P9: trial=c1_measured_0000_quic scenario=rtt50-loss0 seed=3711876929341685179
P9: trial=c1_measured_0000_tcp scenario=rtt50-loss0 seed=3711876929341685179
P9: trial=c1_measured_0001_tcp scenario=rtt50-loss0 seed=16282016417924923917
P9: trial=c1_measured_0001_quic scenario=rtt50-loss0 seed=16282016417924923917
P9: trial=c1_measured_0002_quic scenario=rtt50-loss0 seed=17634933220854555421
P9: trial=c1_measured_0002_tcp scenario=rtt50-loss0 seed=17634933220854555421
P9: trial=c1_measured_0003_tcp scenario=rtt50-loss0 seed=8878281847053699702
P9: trial=c1_measured_0003_quic scenario=rtt50-loss0 seed=8878281847053699702
P9: trial=c1_measured_0004_quic scenario=rtt50-loss0 seed=9840084438608890484
P9: trial=c1_measured_0004_tcp scenario=rtt50-loss0 seed=9840084438608890484
P9: trial=c1_measured_0005_tcp scenario=rtt50-loss0 seed=13920057280434319356
P9: trial=c1_measured_0005_quic scenario=rtt50-loss0 seed=13920057280434319356
P9: trial=c1_measured_0006_quic scenario=rtt50-loss0 seed=2721570390687138286
P9: trial=c1_measured_0006_tcp scenario=rtt50-loss0 seed=2721570390687138286
P9: trial=c1_measured_0007_tcp scenario=rtt50-loss0 seed=3599029275870780839
P9: trial=c1_measured_0007_quic scenario=rtt50-loss0 seed=3599029275870780839
P9: trial=c1_measured_0008_quic scenario=rtt50-loss0 seed=17705988268099811438
P9: trial=c1_measured_0008_tcp scenario=rtt50-loss0 seed=17705988268099811438
P9: trial=c1_measured_0009_tcp scenario=rtt50-loss0 seed=13770172393398500479
P9: trial=c1_measured_0009_quic scenario=rtt50-loss0 seed=13770172393398500479
P9: trial=c1_measured_0010_quic scenario=rtt50-loss0 seed=9487726314998028289
P9: trial=c1_measured_0010_tcp scenario=rtt50-loss0 seed=9487726314998028289
P9: trial=c1_measured_0011_tcp scenario=rtt50-loss0 seed=17532944539053212335
P9: trial=c1_measured_0011_quic scenario=rtt50-loss0 seed=17532944539053212335
P9: trial=c1_measured_0012_quic scenario=rtt50-loss0 seed=16043289221775873012
P9: trial=c1_measured_0012_tcp scenario=rtt50-loss0 seed=16043289221775873012
P9: trial=c1_measured_0013_tcp scenario=rtt50-loss0 seed=5183718095586709584
P9: trial=c1_measured_0013_quic scenario=rtt50-loss0 seed=5183718095586709584
P9: trial=c1_measured_0014_quic scenario=rtt50-loss0 seed=16126359508106167917
P9: trial=c1_measured_0014_tcp scenario=rtt50-loss0 seed=16126359508106167917
P9: trial=c1_measured_0015_tcp scenario=rtt50-loss0 seed=5369092832534771572
P9: trial=c1_measured_0015_quic scenario=rtt50-loss0 seed=5369092832534771572
P9: trial=c1_measured_0016_quic scenario=rtt50-loss0 seed=13615037262703861721
P9: trial=c1_measured_0016_tcp scenario=rtt50-loss0 seed=13615037262703861721
P9: trial=c1_measured_0017_tcp scenario=rtt50-loss0 seed=10406752919975967596
P9: trial=c1_measured_0017_quic scenario=rtt50-loss0 seed=10406752919975967596
P9: trial=c1_measured_0018_quic scenario=rtt50-loss0 seed=16856128985272428216
P9: trial=c1_measured_0018_tcp scenario=rtt50-loss0 seed=16856128985272428216
P9: trial=c1_measured_0019_tcp scenario=rtt50-loss0 seed=14287660492946108224
P9: trial=c1_measured_0019_quic scenario=rtt50-loss0 seed=14287660492946108224
P9: trial=c1_measured_0020_quic scenario=rtt50-loss0 seed=9019083170852907301
P9: trial=c1_measured_0020_tcp scenario=rtt50-loss0 seed=9019083170852907301
P9: trial=c1_measured_0021_tcp scenario=rtt50-loss0 seed=12275836622396665922
P9: trial=c1_measured_0021_quic scenario=rtt50-loss0 seed=12275836622396665922
P9: trial=c1_measured_0022_quic scenario=rtt50-loss0 seed=16730647301117604851
P9: trial=c1_measured_0022_tcp scenario=rtt50-loss0 seed=16730647301117604851
P9: trial=c1_measured_0023_tcp scenario=rtt50-loss0 seed=17064086232300475838
P9: trial=c1_measured_0023_quic scenario=rtt50-loss0 seed=17064086232300475838
P9: trial=c1_measured_0024_quic scenario=rtt50-loss0 seed=7117495617747830522
P9: trial=c1_measured_0024_tcp scenario=rtt50-loss0 seed=7117495617747830522
P9: trial=c1_measured_0025_tcp scenario=rtt50-loss0 seed=9427092618638306650
P9: trial=c1_measured_0025_quic scenario=rtt50-loss0 seed=9427092618638306650
P9: trial=c1_measured_0026_quic scenario=rtt50-loss0 seed=4830320639796438713
P9: trial=c1_measured_0026_tcp scenario=rtt50-loss0 seed=4830320639796438713
P9: trial=c1_measured_0027_tcp scenario=rtt50-loss0 seed=1516291028283379141
P9: trial=c1_measured_0027_quic scenario=rtt50-loss0 seed=1516291028283379141
P9: trial=c1_measured_0028_quic scenario=rtt50-loss0 seed=13435233920850280445
P9: trial=c1_measured_0028_tcp scenario=rtt50-loss0 seed=13435233920850280445
P9: trial=c1_measured_0029_tcp scenario=rtt50-loss0 seed=12102590806693719543
P9: trial=c1_measured_0029_quic scenario=rtt50-loss0 seed=12102590806693719543
P9: trial=c2_warmup_0000_quic scenario=rtt50-loss1 seed=17476010421275391329
P9: trial=c2_warmup_0000_tcp scenario=rtt50-loss1 seed=17476010421275391329
P9: trial=c2_warmup_0001_tcp scenario=rtt50-loss1 seed=1268187829335916545
P9: trial=c2_warmup_0001_quic scenario=rtt50-loss1 seed=1268187829335916545
P9: trial=c2_measured_0000_quic scenario=rtt50-loss1 seed=10099938435791338165
P9: trial=c2_measured_0000_tcp scenario=rtt50-loss1 seed=10099938435791338165
P9: trial=c2_measured_0001_tcp scenario=rtt50-loss1 seed=4861585941728412774
P9: trial=c2_measured_0001_quic scenario=rtt50-loss1 seed=4861585941728412774
P9: trial=c2_measured_0002_quic scenario=rtt50-loss1 seed=13934508485199625374
P9: trial=c2_measured_0002_tcp scenario=rtt50-loss1 seed=13934508485199625374
P9: trial=c2_measured_0003_tcp scenario=rtt50-loss1 seed=8206923665116178822
P9: trial=c2_measured_0003_quic scenario=rtt50-loss1 seed=8206923665116178822
P9: trial=c2_measured_0004_quic scenario=rtt50-loss1 seed=10678843572416883260
P9: trial=c2_measured_0004_tcp scenario=rtt50-loss1 seed=10678843572416883260
P9: trial=c2_measured_0005_tcp scenario=rtt50-loss1 seed=1625599136667737196
P9: trial=c2_measured_0005_quic scenario=rtt50-loss1 seed=1625599136667737196
g09_exit=141
