/home/tuannk/projects/QUIC-lab-_-LTM-PTIT/.tools/go1.27.1/bin/go test -mod=readonly ./...
?   	quic-performance-lab/cmd/bench	[no test files]
?   	quic-performance-lab/cmd/client	[no test files]
?   	quic-performance-lab/cmd/server	[no test files]
ok  	quic-performance-lab/internal/cli	(cached)
ok  	quic-performance-lab/internal/config	(cached)
ok  	quic-performance-lab/internal/metrics	(cached)
ok  	quic-performance-lab/internal/protocol	(cached)
ok  	quic-performance-lab/internal/tlsconfig	(cached)
?   	quic-performance-lab/internal/transport	[no test files]
ok  	quic-performance-lab/internal/transport/quic	(cached)
ok  	quic-performance-lab/internal/transport/tcp	(cached)
ok  	quic-performance-lab/internal/workload	(cached)
ok  	quic-performance-lab/tests/api	(cached)
--- FAIL: TestTCPAuditChecksumAndEOFFailure (0.62s)
    --- FAIL: TestTCPAuditChecksumAndEOFFailure/eof_timeout (0.54s)
        audit_test.go:75: error code protocol_error: response EOF: read tcp 127.0.0.1:41792->127.0.0.1:37979: use of closed network connection
FAIL
FAIL	quic-performance-lab/tests/integration	2.237s
FAIL
make: *** [Makefile:26: test] Error 1
